current directory: /home/railson/project/ruby/projetos_pessoais/lojista/vendor/bundle/ruby/3.2.0/gems/psych-5.3.1/ext/psych
/usr/bin/ruby3.2 -I/usr/lib/ruby/vendor_ruby extconf.rb
creating Makefile

current directory: /home/railson/project/ruby/projetos_pessoais/lojista/vendor/bundle/ruby/3.2.0/gems/psych-5.3.1/ext/psych
make DESTDIR\= sitearchdir\=./.gem.20260115-40784-mgjb5r sitelibdir\=./.gem.20260115-40784-mgjb5r clean
cd libyaml && make clean
/bin/sh: 1: cd: can't cd to libyaml
make: [Makefile:283: clean-so] Error 2 (ignored)

current directory: /home/railson/project/ruby/projetos_pessoais/lojista/vendor/bundle/ruby/3.2.0/gems/psych-5.3.1/ext/psych
make DESTDIR\= sitearchdir\=./.gem.20260115-40784-mgjb5r sitelibdir\=./.gem.20260115-40784-mgjb5r
compiling psych.c
compiling psych_emitter.c
compiling psych_parser.c
compiling psych_to_ruby.c
compiling psych_yaml_tree.c
linking shared-object psych.so

current directory: /home/railson/project/ruby/projetos_pessoais/lojista/vendor/bundle/ruby/3.2.0/gems/psych-5.3.1/ext/psych
make DESTDIR\= sitearchdir\=./.gem.20260115-40784-mgjb5r sitelibdir\=./.gem.20260115-40784-mgjb5r install
/usr/bin/install -c -m 0755 psych.so ./.gem.20260115-40784-mgjb5r

current directory: /home/railson/project/ruby/projetos_pessoais/lojista/vendor/bundle/ruby/3.2.0/gems/psych-5.3.1/ext/psych
make DESTDIR\= sitearchdir\=./.gem.20260115-40784-mgjb5r sitelibdir\=./.gem.20260115-40784-mgjb5r clean
cd libyaml && make clean
/bin/sh: 1: cd: can't cd to libyaml
make: [Makefile:283: clean-so] Error 2 (ignored)
